LOG FILE: C:\Users\Admin\OneDrive - hutech.edu.vn\Desktop\Code\ParallelMassive\14g_top_1000.log
2026-09-07 01:03:18
========================================
START TIME    : 2026-09-07 01:03:18
INPUT         : dataset/chainstore.txt
TOP-K         : 1000
MAX HEAP MB   : 14328
OPTIMIZED     : false
CANDIDATE POOL: true
POOL WORKERS  : 8
DIRECT U      : true
BEST SU FIRST : true
========================================
[TOP-K] k=1000 | threshold after single items=378012
[PTM-STYLE] Building prefix partitions...
[TOP-K] threshold after item pairs=562560
[PTM-STYLE] Mining partitions in RAM...
[CANDIDATE-POOL] enabled=true | workers=8 | directUtilityRaising=true | bestSUFirst=true
free: 6850716592
11687//15246
2026-09-07 01:03:44
[LOAD RAM] P_11687 | trans=95 | sumLength=193 | fileMB=0
free: 6849188896
15231//15246
2026-09-07 01:03:45
free: 6857576064
9036//15246
2026-09-07 01:03:45
free: 6857576064
12962//15246
2026-09-07 01:03:46
[LOAD RAM] P_12962 | trans=135 | sumLength=222 | fileMB=0
free: 6856110080
14112//15246
2026-09-07 01:03:46
[LOAD RAM] P_14112 | trans=345 | sumLength=574 | fileMB=0
free: 6855132576
7133//15246
2026-09-07 01:03:47
free: 6855132576
4422//15246
2026-09-07 01:03:47
free: 6855132576
7550//15246
2026-09-07 01:03:48
free: 6855132576
4476//15246
2026-09-07 01:03:48
free: 6855132752
3152//15246
2026-09-07 01:03:49
free: 6855132752
4838//15246
2026-09-07 01:03:49
free: 6855132752
3972//15246
2026-09-07 01:03:50
free: 6855132752
6779//15246
2026-09-07 01:03:50
free: 6855132752
4698//15246
2026-09-07 01:03:51
free: 6855132752
6953//15246
2026-09-07 01:03:51
free: 6855132928
7888//15246
2026-09-07 01:03:52
free: 6855132928
4943//15246
2026-09-07 01:03:53
free: 6855133104
4021//15246
2026-09-07 01:03:53
free: 6855133040
6739//15246
2026-09-07 01:03:54
free: 6855133040
5000//15246
2026-09-07 01:03:54
free: 6855133040
10935//15246
2026-09-07 01:03:55
free: 6855133040
3921//15246
2026-09-07 01:03:55
free: 6855133304
4460//15246
2026-09-07 01:03:56
free: 6855133568
5008//15246
2026-09-07 01:03:56
free: 6855133568
5619//15246
2026-09-07 01:03:57
free: 6855133568
6214//15246
2026-09-07 01:03:57
free: 6855133568
4761//15246
2026-09-07 01:03:58
free: 6855133568
4250//15246
2026-09-07 01:03:58
free: 6855133568
3217//15246
2026-09-07 01:03:59
free: 6855133568
4893//15246
2026-09-07 01:03:59
free: 6855133568
6064//15246
2026-09-07 01:04:00
free: 6855133568
3752//15246
2026-09-07 01:04:00
free: 6855133568
3672//15246
2026-09-07 01:04:01
free: 6855133568
5010//15246
2026-09-07 01:04:01
free: 6855133568
3724//15246
2026-09-07 01:04:02
free: 6855133568
5639//15246
2026-09-07 01:04:03
free: 6855133568
4246//15246
2026-09-07 01:04:03
free: 6855133568
4492//15246
2026-09-07 01:04:04
free: 6855133568
3712//15246
2026-09-07 01:04:04
free: 6855133568
4775//15246
2026-09-07 01:04:05
free: 6850939264
4018//15246
2026-09-07 01:04:05
free: 6855133392
11844//15246
2026-09-07 01:04:06
free: 6850939016
3733//15246
2026-09-07 01:04:06
free: 6855133520
3680//15246
2026-09-07 01:04:07
free: 6855133520
5177//15246
2026-09-07 01:04:07
free: 6855133520
3579//15246
2026-09-07 01:04:08
free: 6855133784
4819//15246
2026-09-07 01:04:08
free: 6855133784
3762//15246
2026-09-07 01:04:09
free: 6855133960
7457//15246
2026-09-07 01:04:09
free: 6855133960
4595//15246
2026-09-07 01:04:10
free: 6855134224
4158//15246
2026-09-07 01:04:10
free: 6855134224
3495//15246
2026-09-07 01:04:11
free: 6855134224
4184//15246
2026-09-07 01:04:11
free: 6855134224
3625//15246
2026-09-07 01:04:12
free: 6855134224
4023//15246
2026-09-07 01:04:12
free: 6855134224
3750//15246
2026-09-07 01:04:13
free: 6855134224
3360//15246
2026-09-07 01:04:14
free: 6855134224
4720//15246
2026-09-07 01:04:14
free: 6855134224
7086//15246
2026-09-07 01:04:15
free: 6855134488
3335//15246
2026-09-07 01:04:15
free: 6855134488
7894//15246
2026-09-07 01:04:16
free: 6855134488
7280//15246
2026-09-07 01:04:16
free: 6855134664
5957//15246
2026-09-07 01:04:17
free: 6855134664
6925//15246
2026-09-07 01:04:17
free: 6855134664
5589//15246
2026-09-07 01:04:18
free: 6855134664
3748//15246
2026-09-07 01:04:18
free: 6855134664
5545//15246
2026-09-07 01:04:19
free: 6855134664
3791//15246
2026-09-07 01:04:19
free: 6855134568
8147//15246
2026-09-07 01:04:20
free: 6855134568
3723//15246
2026-09-07 01:04:20
free: 6855134832
5395//15246
2026-09-07 01:04:21
free: 6855134832
5365//15246
2026-09-07 01:04:21
free: 6855135008
5553//15246
2026-09-07 01:04:22
free: 6855135008
5014//15246
2026-09-07 01:04:22
free: 6855135008
5697//15246
2026-09-07 01:04:23
free: 6855135008
6379//15246
2026-09-07 01:04:24
free: 6855135008
4899//15246
2026-09-07 01:04:24
free: 6855135008
5452//15246
2026-09-07 01:04:25
free: 6855135008
6093//15246
2026-09-07 01:04:25
free: 6855135008
5435//15246
2026-09-07 01:04:26
free: 6855135008
10044//15246
2026-09-07 01:04:26
free: 6855134176
6182//15246
2026-09-07 01:04:27
free: 6855134176
5530//15246
2026-09-07 01:04:27
free: 6850939872
6640//15246
2026-09-07 01:04:28
free: 6855133672
5408//15246
2026-09-07 01:04:28
free: 6855133672
5330//15246
2026-09-07 01:04:29
free: 6855133672
4174//15246
2026-09-07 01:04:29
free: 6855133672
4811//15246
2026-09-07 01:04:30
free: 6855133672
8008//15246
2026-09-07 01:04:30
free: 6855133672
7432//15246
2026-09-07 01:04:31
free: 6855133672
4244//15246
2026-09-07 01:04:31
free: 6855133672
4012//15246
2026-09-07 01:04:32
free: 6855133672
5956//15246
2026-09-07 01:04:32
free: 6855133672
4639//15246
2026-09-07 01:04:33
free: 6855133672
4958//15246
2026-09-07 01:04:34
free: 6855133672
4405//15246
2026-09-07 01:04:34
free: 6855133672
4194//15246
2026-09-07 01:04:35
free: 6855133672
5464//15246
2026-09-07 01:04:35
free: 6855133672
9532//15246
2026-09-07 01:04:36
free: 6855133672
3517//15246
2026-09-07 01:04:36
free: 6855133672
7626//15246
2026-09-07 01:04:37
free: 6855133672
4856//15246
2026-09-07 01:04:37
free: 6855133672
6166//15246
2026-09-07 01:04:38
free: 6855133672
3299//15246
2026-09-07 01:04:38
free: 6855133672
5812//15246
2026-09-07 01:04:39
free: 6855133672
4247//15246
2026-09-07 01:04:39
free: 6855133672
5560//15246
2026-09-07 01:04:40
free: 6855133672
5559//15246
2026-09-07 01:04:40
free: 6850939368
5167//15246
2026-09-07 01:04:41
free: 6855132824
4889//15246
2026-09-07 01:04:41
free: 6855132824
6032//15246
2026-09-07 01:04:42
free: 6855132824
4892//15246
2026-09-07 01:04:42
free: 6855132824
6425//15246
2026-09-07 01:04:43
free: 6855132824
4515//15246
2026-09-07 01:04:43
free: 6855132824
3859//15246
2026-09-07 01:04:44
free: 6850938520
7671//15246
2026-09-07 01:04:45
free: 6855132824
5884//15246
2026-09-07 01:04:45
free: 6855132824
7800//15246
2026-09-07 01:04:46
free: 6855132824
5740//15246
2026-09-07 01:04:46
free: 6855132824
8054//15246
2026-09-07 01:04:47
free: 6855132824
6208//15246
2026-09-07 01:04:47
free: 6855132824
4189//15246
2026-09-07 01:04:48
free: 6855132824
5184//15246
2026-09-07 01:04:48
free: 6855132824
4631//15246
2026-09-07 01:04:49
free: 6855132824
6502//15246
2026-09-07 01:04:49
free: 6855132824
9196//15246
2026-09-07 01:04:50
free: 6855132824
5114//15246
2026-09-07 01:04:50
free: 6855133088
3167//15246
2026-09-07 01:04:51
free: 6855133088
7788//15246
2026-09-07 01:04:51
free: 6855133088
3249//15246
2026-09-07 01:04:52
free: 6855133088
4389//15246
2026-09-07 01:04:52
free: 6855133088
4113//15246
2026-09-07 01:04:53
free: 6855133088
6387//15246
2026-09-07 01:04:53
free: 6855133088
4937//15246
2026-09-07 01:04:54
free: 6855133088
4928//15246
2026-09-07 01:04:55
free: 6855133088
6671//15246
2026-09-07 01:04:55
free: 6855133088
4793//15246
2026-09-07 01:04:56
free: 6855133264
5286//15246
2026-09-07 01:04:56
free: 6855133264
5024//15246
2026-09-07 01:04:57
free: 6855133264
4017//15246
2026-09-07 01:04:57
free: 6855133440
4035//15246
2026-09-07 01:04:58
free: 6855133440
4910//15246
2026-09-07 01:04:58
free: 6855133440
5256//15246
2026-09-07 01:04:59
free: 6855133704
5056//15246
2026-09-07 01:04:59
free: 6855133704
6123//15246
2026-09-07 01:05:00
free: 6855133704
5502//15246
2026-09-07 01:05:00
free: 6855133880
4400//15246
2026-09-07 01:05:01
free: 6855133880
8447//15246
2026-09-07 01:05:01
free: 6855133880
4917//15246
2026-09-07 01:05:02
free: 6855133880
4537//15246
2026-09-07 01:05:02
free: 6855133880
8114//15246
2026-09-07 01:05:03
free: 6855133880
4629//15246
2026-09-07 01:05:03
free: 6855134056
4242//15246
2026-09-07 01:05:04
free: 6855134056
3737//15246
2026-09-07 01:05:04
free: 6855134056
3587//15246
2026-09-07 01:05:05
free: 6855134320
5012//15246
2026-09-07 01:05:06
free: 6855134320
7534//15246
2026-09-07 01:05:06
free: 6855134496
4545//15246
2026-09-07 01:05:07
free: 6855134496
8621//15246
2026-09-07 01:05:07
free: 6855134496
6014//15246
2026-09-07 01:05:08
free: 6855134496
7241//15246
2026-09-07 01:05:08
free: 6855134496
5434//15246
2026-09-07 01:05:09
free: 6855134496
4230//15246
2026-09-07 01:05:09
free: 6855134672
4248//15246
2026-09-07 01:05:10
free: 6855134672
5837//15246
2026-09-07 01:05:10
free: 6855134672
6493//15246
2026-09-07 01:05:11
free: 6855134672
7134//15246
2026-09-07 01:05:11
free: 6855134672
5790//15246
2026-09-07 01:05:12
free: 6855134672
5620//15246
2026-09-07 01:05:12
free: 6855134672
4647//15246
2026-09-07 01:05:13
free: 6855134672
8644//15246
2026-09-07 01:05:13
free: 6855134672
5321//15246
2026-09-07 01:05:14
free: 6855134672
6101//15246
2026-09-07 01:05:14
free: 6855134672
5025//15246
2026-09-07 01:05:15
free: 6855134672
5527//15246
2026-09-07 01:05:16
free: 6855134848
8249//15246
2026-09-07 01:05:16
free: 6855134848
6084//15246
2026-09-07 01:05:17
free: 6855134848
6152//15246
2026-09-07 01:05:17
free: 6855134848
5859//15246
2026-09-07 01:05:18
free: 6855134848
4478//15246
2026-09-07 01:05:18
free: 6855135112
3864//15246
2026-09-07 01:05:19
free: 6855135112
3807//15246
2026-09-07 01:05:19
free: 6855135112
4392//15246
2026-09-07 01:05:20
free: 6855135112
5524//15246
2026-09-07 01:05:20
free: 6855135112
7775//15246
2026-09-07 01:05:21
free: 6855135112
6792//15246
2026-09-07 01:05:21
free: 6855135112
6845//15246
2026-09-07 01:05:22
free: 6855135112
8580//15246
2026-09-07 01:05:22
free: 6855135112
5767//15246
2026-09-07 01:05:23
free: 6855135112
7493//15246
2026-09-07 01:05:23
free: 6855135112
4172//15246
2026-09-07 01:05:24
free: 6855135112
4300//15246
2026-09-07 01:05:24
free: 6855135376
6233//15246
2026-09-07 01:05:25
free: 6855135376
3796//15246
2026-09-07 01:05:26
free: 6855135376
3454//15246
2026-09-07 01:05:26
free: 6855135376
3260//15246
2026-09-07 01:05:27
free: 6855135640
3652//15246
2026-09-07 01:05:27
free: 6855135640
10850//15246
2026-09-07 01:05:28
free: 6855135640
8936//15246
2026-09-07 01:05:28
free: 6855135640
6955//15246
2026-09-07 01:05:29
free: 6855135640
6361//15246
2026-09-07 01:05:29
free: 6855135640
5591//15246
2026-09-07 01:05:30
free: 6855135640
5696//15246
2026-09-07 01:05:30
free: 6855135640
3610//15246
2026-09-07 01:05:31
free: 6855135640
4642//15246
2026-09-07 01:05:31
free: 6855135640
7096//15246
2026-09-07 01:05:32
free: 6855135640
4375//15246
2026-09-07 01:05:32
free: 6855135640
11659//15246
2026-09-07 01:05:33
free: 6855135640
3828//15246
2026-09-07 01:05:33
free: 6855135904
9324//15246
2026-09-07 01:05:34
free: 6855136080
8571//15246
2026-09-07 01:05:34
free: 6855136080
7784//15246
2026-09-07 01:05:35
free: 6855136080
5965//15246
2026-09-07 01:05:35
free: 6855136080
8220//15246
2026-09-07 01:05:36
free: 6855136080
7306//15246
2026-09-07 01:05:37
free: 6855136080
5803//15246
2026-09-07 01:05:37
free: 6855136080
4283//15246
2026-09-07 01:05:38
free: 6855136080
6771//15246
2026-09-07 01:05:38
free: 6855136256
3632//15246
2026-09-07 01:05:39
free: 6855136256
3392//15246
2026-09-07 01:05:39
free: 6855136256
3933//15246
2026-09-07 01:05:40
free: 6855136256
6860//15246
2026-09-07 01:05:40
free: 6855136256
6547//15246
2026-09-07 01:05:41
free: 6855136520
4044//15246
2026-09-07 01:05:41
free: 6855136520
5140//15246
2026-09-07 01:05:42
free: 6855136520
5151//15246
2026-09-07 01:05:42
free: 6855136520
5440//15246
2026-09-07 01:05:43
free: 6855136520
4790//15246
2026-09-07 01:05:43
free: 6855136520
8632//15246
2026-09-07 01:05:44
free: 6850942216
6722//15246
2026-09-07 01:05:44
free: 6855136520
3433//15246
2026-09-07 01:05:45
free: 6855136520
6691//15246
2026-09-07 01:05:45
free: 6855136520
7904//15246
2026-09-07 01:05:46
free: 6855136520
4846//15246
2026-09-07 01:05:47
free: 6855136520
5134//15246
2026-09-07 01:05:47
free: 6855136696
5885//15246
2026-09-07 01:05:48
free: 6855136960
5590//15246
2026-09-07 01:05:48
free: 6855137224
6528//15246
2026-09-07 01:05:49
free: 6855137224
8623//15246
2026-09-07 01:05:49
free: 6855137224
6261//15246
2026-09-07 01:05:50
free: 6855137224
6580//15246
2026-09-07 01:05:50
free: 6855137224
5004//15246
2026-09-07 01:05:51
free: 6855137224
5691//15246
2026-09-07 01:05:51
free: 6855137224
4663//15246
2026-09-07 01:05:52
free: 6855137224
7984//15246
2026-09-07 01:05:52
free: 6855137224
4883//15246
2026-09-07 01:05:53
free: 6855137224
7514//15246
2026-09-07 01:05:53
free: 6855137224
3847//15246
2026-09-07 01:05:54
free: 6855137224
7676//15246
2026-09-07 01:05:54
free: 6855137224
7255//15246
2026-09-07 01:05:55
free: 6855137224
3720//15246
2026-09-07 01:05:55
free: 6855137400
4976//15246
2026-09-07 01:05:56
free: 6850943272
4936//15246
2026-09-07 01:05:56
free: 6855137488
3860//15246
2026-09-07 01:05:57
free: 6855137488
4066//15246
2026-09-07 01:05:58
free: 6850943184
4843//15246
2026-09-07 01:05:58
free: 6855137416
5797//15246
2026-09-07 01:05:59
free: 6855137416
8659//15246
2026-09-07 01:05:59
free: 6855137416
6500//15246
2026-09-07 01:06:00
free: 6855137416
6002//15246
2026-09-07 01:06:00
free: 6855137416
5316//15246
2026-09-07 01:06:01
free: 6855137416
7413//15246
2026-09-07 01:06:01
free: 6855137416
4282//15246
2026-09-07 01:06:02
free: 6855137416
5459//15246
2026-09-07 01:06:02
free: 6855137416
5338//15246
2026-09-07 01:06:03
free: 6855137416
9265//15246
2026-09-07 01:06:03
free: 6855137416
4212//15246
2026-09-07 01:06:04
free: 6855137416
5107//15246
2026-09-07 01:06:04
free: 6855137680
4223//15246
2026-09-07 01:06:05
free: 6855137680
3538//15246
2026-09-07 01:06:05
free: 6855137680
7795//15246
2026-09-07 01:06:06
free: 6855137680
5705//15246
2026-09-07 01:06:06
free: 6855137680
4726//15246
2026-09-07 01:06:07
free: 6855137680
4571//15246
2026-09-07 01:06:08
free: 6855137680
7759//15246
2026-09-07 01:06:08
free: 6855137680
5442//15246
2026-09-07 01:06:09
free: 6855137944
3452//15246
2026-09-07 01:06:09
free: 6855137944
5686//15246
2026-09-07 01:06:10
free: 6855137944
5501//15246
2026-09-07 01:06:10
free: 6855137944
4054//15246
2026-09-07 01:06:11
free: 6855137944
3927//15246
2026-09-07 01:06:11
free: 6855137944
5879//15246
2026-09-07 01:06:12
free: 6855137944
9927//15246
2026-09-07 01:06:12
free: 6855137944
3966//15246
2026-09-07 01:06:13
free: 6855137944
3832//15246
2026-09-07 01:06:13
free: 6855137944
5028//15246
2026-09-07 01:06:14
free: 6855137944
3499//15246
2026-09-07 01:06:14
free: 6855137944
4084//15246
2026-09-07 01:06:15
free: 6855138120
9205//15246
2026-09-07 01:06:15
free: 6855138120
9647//15246
2026-09-07 01:06:16
free: 6855138120
6141//15246
2026-09-07 01:06:16
free: 6855138120
5233//15246
2026-09-07 01:06:17
free: 6855138120
3639//15246
2026-09-07 01:06:18
free: 6855138120
3389//15246
2026-09-07 01:06:18
free: 6855138384
10256//15246
2026-09-07 01:06:19
free: 6855138384
6054//15246
2026-09-07 01:06:19
free: 6855138384
5260//15246
2026-09-07 01:06:20
free: 6855138648
6654//15246
2026-09-07 01:06:20
free: 6850944192
5029//15246
2026-09-07 01:06:21
free: 6855138288
3566//15246
2026-09-07 01:06:21
free: 6855138552
6249//15246
2026-09-07 01:06:22
free: 6855138552
8768//15246
2026-09-07 01:06:22
free: 6855138552
4876//15246
2026-09-07 01:06:23
free: 6855138552
8350//15246
2026-09-07 01:06:23
free: 6855138552
4366//15246
2026-09-07 01:06:24
free: 6855138552
4816//15246
2026-09-07 01:06:24
free: 6855138728
5866//15246
2026-09-07 01:06:25
free: 6855138728
3316//15246
2026-09-07 01:06:25
free: 6855138728
4045//15246
2026-09-07 01:06:26
free: 6855138728
7920//15246
2026-09-07 01:06:26
free: 6855138728
4388//15246
2026-09-07 01:06:27
free: 6855138904
4995//15246
2026-09-07 01:06:28
free: 6855138904
5197//15246
2026-09-07 01:06:28
free: 6855138904
3890//15246
2026-09-07 01:06:29
free: 6855138904
8455//15246
2026-09-07 01:06:29
free: 6855138904
4097//15246
2026-09-07 01:06:30
free: 6855138904
3537//15246
2026-09-07 01:06:30
free: 6855138904
5819//15246
2026-09-07 01:06:31
free: 6855138904
7021//15246
2026-09-07 01:06:31
free: 6855139168
4994//15246
2026-09-07 01:06:32
free: 6855139168
4331//15246
2026-09-07 01:06:32
free: 6855139168
7930//15246
2026-09-07 01:06:33
free: 6855139168
7783//15246
2026-09-07 01:06:33
free: 6855139168
7812//15246
2026-09-07 01:06:34
free: 6855139168
9312//15246
2026-09-07 01:06:34
free: 6855139168
6342//15246
2026-09-07 01:06:35
free: 6855139344
7226//15246
2026-09-07 01:06:35
free: 6855139344
6239//15246
2026-09-07 01:06:36
free: 6855139520
6561//15246
2026-09-07 01:06:36
free: 6855139520
4675//15246
2026-09-07 01:06:37
free: 6855139520
3544//15246
2026-09-07 01:06:37
free: 6855139520
3936//15246
2026-09-07 01:06:38
free: 6855139520
6498//15246
2026-09-07 01:06:39
free: 6855139520
7058//15246
2026-09-07 01:06:39
free: 6855139696
6108//15246
2026-09-07 01:06:40
free: 6855139696
3613//15246
2026-09-07 01:06:40
free: 6855139696
6296//15246
2026-09-07 01:06:41
free: 6855139696
6949//15246
2026-09-07 01:06:41
free: 6855139696
6382//15246
2026-09-07 01:06:42
free: 6855139696
7373//15246
2026-09-07 01:06:42
free: 6855139696
6112//15246
2026-09-07 01:06:43
free: 6855139696
4638//15246
2026-09-07 01:06:43
free: 6855139696
6844//15246
2026-09-07 01:06:44
free: 6850945392
3541//15246
2026-09-07 01:06:44
free: 6855139696
5958//15246
2026-09-07 01:06:45
free: 6855139696
5917//15246
2026-09-07 01:06:45
free: 6855139696
4517//15246
2026-09-07 01:06:46
free: 6855139696
7999//15246
2026-09-07 01:06:46
free: 6855139696
9849//15246
2026-09-07 01:06:47
free: 6855139696
3863//15246
2026-09-07 01:06:47
free: 6855139872
7714//15246
2026-09-07 01:06:48
free: 6855139872
7641//15246
2026-09-07 01:06:49
free: 6855139872
7531//15246
2026-09-07 01:06:49
free: 6855139872
7260//15246
2026-09-07 01:06:50
free: 6855139872
4757//15246
2026-09-07 01:06:50
free: 6855139872
4804//15246
2026-09-07 01:06:51
free: 6855139872
3614//15246
2026-09-07 01:06:51
free: 6855139872
7118//15246
2026-09-07 01:06:52
free: 6855139872
5383//15246
2026-09-07 01:06:52
free: 6855139872
4409//15246
2026-09-07 01:06:53
free: 6855139872
6374//15246
2026-09-07 01:06:53
free: 6855139872
8809//15246
2026-09-07 01:06:54
free: 6855139872
5997//15246
2026-09-07 01:06:54
free: 6855139872
4610//15246
2026-09-07 01:06:55
free: 6855139872
12172//15246
2026-09-07 01:06:55
free: 6855139872
5237//15246
2026-09-07 01:06:56
free: 6855140048
8550//15246
2026-09-07 01:06:56
free: 6855140048
4615//15246
2026-09-07 01:06:57
free: 6855140048
9600//15246
2026-09-07 01:06:57
free: 6855140048
3320//15246
2026-09-07 01:06:58
free: 6855140224
4101//15246
2026-09-07 01:06:59
free: 6855140224
3670//15246
2026-09-07 01:06:59
free: 6855140224
6358//15246
2026-09-07 01:07:00
free: 6855140224
6665//15246
2026-09-07 01:07:00
free: 6855140224
4707//15246
2026-09-07 01:07:01
free: 6855140224
5019//15246
2026-09-07 01:07:01
free: 6855140224
3577//15246
2026-09-07 01:07:02
free: 6855140224
6810//15246
2026-09-07 01:07:02
free: 6855140224
4751//15246
2026-09-07 01:07:03
free: 6855140224
7192//15246
2026-09-07 01:07:03
free: 6855140224
9024//15246
2026-09-07 01:07:04
free: 6850945920
3356//15246
2026-09-07 01:07:04
free: 6855139680
4121//15246
2026-09-07 01:07:05
free: 6855139680
7407//15246
2026-09-07 01:07:05
free: 6855139680
8588//15246
2026-09-07 01:07:06
free: 6855139680
5463//15246
2026-09-07 01:07:06
free: 6855139680
4481//15246
2026-09-07 01:07:07
free: 6855139680
5095//15246
2026-09-07 01:07:07
free: 6855139680
12226//15246
2026-09-07 01:07:08
free: 6855139680
7667//15246
2026-09-07 01:07:08
free: 6855139680
9993//15246
2026-09-07 01:07:09
free: 6855139680
4222//15246
2026-09-07 01:07:10
free: 6855139680
7724//15246
2026-09-07 01:07:10
free: 6855139680
5396//15246
2026-09-07 01:07:11
free: 6855139680
7602//15246
2026-09-07 01:07:11
free: 6855139856
7518//15246
2026-09-07 01:07:12
free: 6855139856
7075//15246
2026-09-07 01:07:12
free: 6855139856
8798//15246
2026-09-07 01:07:13
free: 6855139856
7760//15246
2026-09-07 01:07:13
free: 6855139856
3612//15246
2026-09-07 01:07:14
free: 6855139856
3660//15246
2026-09-07 01:07:14
free: 6855139856
5147//15246
2026-09-07 01:07:15
free: 6855140032
8854//15246
2026-09-07 01:07:15
free: 6855140032
6451//15246
2026-09-07 01:07:16
free: 6855140032
5712//15246
2026-09-07 01:07:16
free: 6855140032
7811//15246
2026-09-07 01:07:17
free: 6855140032
9295//15246
2026-09-07 01:07:17
free: 6855140032
9590//15246
2026-09-07 01:07:18
free: 6855140032
5509//15246
2026-09-07 01:07:18
free: 6855140032
5205//15246
2026-09-07 01:07:19
free: 6855140032
8548//15246
2026-09-07 01:07:20
free: 6855140032
3451//15246
2026-09-07 01:07:20
free: 6855140296
5936//15246
2026-09-07 01:07:21
free: 6855140296
4170//15246
2026-09-07 01:07:21
free: 6855140296
6584//15246
2026-09-07 01:07:22
free: 6855140296
7956//15246
2026-09-07 01:07:22
free: 6855140296
4533//15246
2026-09-07 01:07:23
free: 6855140472
4136//15246
2026-09-07 01:07:23
free: 6855140472
7946//15246
2026-09-07 01:07:24
free: 6855140472
8504//15246
2026-09-07 01:07:24
free: 6855140472
9184//15246
2026-09-07 01:07:25
free: 6855140472
7257//15246
2026-09-07 01:07:25
free: 6855140472
15051//15246
2026-09-07 01:07:26
[LOAD RAM] P_15051 | trans=1518 | sumLength=6191 | fileMB=0
free: 6855140472
8578//15246
2026-09-07 01:07:26
free: 6855140472
6808//15246
2026-09-07 01:07:27
free: 6855140736
8425//15246
2026-09-07 01:07:27
free: 6855140736
4092//15246
2026-09-07 01:07:28
free: 6855141000
3641//15246
2026-09-07 01:07:28
free: 6855141000
6934//15246
2026-09-07 01:07:29
free: 6855141000
7663//15246
2026-09-07 01:07:30
free: 6855141000
7606//15246
2026-09-07 01:07:30
free: 6855141176
6883//15246
2026-09-07 01:07:31
free: 6855141176
4945//15246
2026-09-07 01:07:31
free: 6855141176
3830//15246
2026-09-07 01:07:32
free: 6855141176
8823//15246
2026-09-07 01:07:32
free: 6855141440
8944//15246
2026-09-07 01:07:33
free: 6855141440
9362//15246
2026-09-07 01:07:33
free: 6855141440
9117//15246
2026-09-07 01:07:34
free: 6855141440
3813//15246
2026-09-07 01:07:34
free: 6855141440
5546//15246
2026-09-07 01:07:35
free: 6855141440
8753//15246
2026-09-07 01:07:35
free: 6855141440
5209//15246
2026-09-07 01:07:36
free: 6855141440
4130//15246
2026-09-07 01:07:36
free: 6855141704
5142//15246
2026-09-07 01:07:37
free: 6855141968
6372//15246
2026-09-07 01:07:37
free: 6855141968
4799//15246
2026-09-07 01:07:38
free: 6855142144
5091//15246
2026-09-07 01:07:38
free: 6855142144
3777//15246
2026-09-07 01:07:39
free: 6855142320
7587//15246
2026-09-07 01:07:40
free: 6855142320
6901//15246
2026-09-07 01:07:40
free: 6855142320
7234//15246
2026-09-07 01:07:41
free: 6855142320
5481//15246
2026-09-07 01:07:41
free: 6855142320
5370//15246
2026-09-07 01:07:42
free: 6855142320
5566//15246
2026-09-07 01:07:42
free: 6855142320
3778//15246
2026-09-07 01:07:43
free: 6855142584
6935//15246
2026-09-07 01:07:43
free: 6855142584
8025//15246
2026-09-07 01:07:44
free: 6850948280
5018//15246
2026-09-07 01:07:44
free: 6855142584
6139//15246
2026-09-07 01:07:45
free: 6855142760
8845//15246
2026-09-07 01:07:45
free: 6855142760
4953//15246
2026-09-07 01:07:46
free: 6855142936
5144//15246
2026-09-07 01:07:46
free: 6855142936
8272//15246
2026-09-07 01:07:47
free: 6855142936
4094//15246
2026-09-07 01:07:47
free: 6855142936
8329//15246
2026-09-07 01:07:48
free: 6855142936
5311//15246
2026-09-07 01:07:48
free: 6855142936
7071//15246
2026-09-07 01:07:49
free: 6855143200
7605//15246
2026-09-07 01:07:50
free: 6855143200
6353//15246
2026-09-07 01:07:50
free: 6855143200
3849//15246
2026-09-07 01:07:51
free: 6855143200
8862//15246
2026-09-07 01:07:51
free: 6855143200
9964//15246
2026-09-07 01:07:52
free: 6855143200
7094//15246
2026-09-07 01:07:52
free: 6855143200
3140//15246
2026-09-07 01:07:53
free: 6855143200
8491//15246
2026-09-07 01:07:53
free: 6855143200
9521//15246
2026-09-07 01:07:54
free: 6855143200
5125//15246
2026-09-07 01:07:54
free: 6855143200
4607//15246
2026-09-07 01:07:55
free: 6855143200
4416//15246
2026-09-07 01:07:55
free: 6855143376
3861//15246
2026-09-07 01:07:56
free: 6855142312
7683//15246
2026-09-07 01:07:56
free: 6855142312
6303//15246
2026-09-07 01:07:57
free: 6855142312
5972//15246
2026-09-07 01:07:57
free: 6855142312
9891//15246
2026-09-07 01:07:58
free: 6855142312
5768//15246
2026-09-07 01:07:58
free: 6855142312
5337//15246
2026-09-07 01:07:59
free: 6855142312
5557//15246
2026-09-07 01:07:59
free: 6855142312
7672//15246
2026-09-07 01:08:00
free: 6855142240
7047//15246
2026-09-07 01:08:01
free: 6855142240
8110//15246
2026-09-07 01:08:01
free: 6855142240
4896//15246
2026-09-07 01:08:02
free: 6855142240
5952//15246
2026-09-07 01:08:02
free: 6855142240
8296//15246
2026-09-07 01:08:03
free: 6855142240
7636//15246
2026-09-07 01:08:03
free: 6855142240
8628//15246
2026-09-07 01:08:04
free: 6855142240
8055//15246
2026-09-07 01:08:04
free: 6855142240
6756//15246
2026-09-07 01:08:05
free: 6855142240
6338//15246
2026-09-07 01:08:05
free: 6855142240
6051//15246
2026-09-07 01:08:06
free: 6855142240
6648//15246
2026-09-07 01:08:06
free: 6855142504
5470//15246
2026-09-07 01:08:07
free: 6855142504
3944//15246
2026-09-07 01:08:07
free: 6855142504
8213//15246
2026-09-07 01:08:08
free: 6855142504
8285//15246
2026-09-07 01:08:08
free: 6855142504
7871//15246
2026-09-07 01:08:09
free: 6855142504
6538//15246
2026-09-07 01:08:09
free: 6850948200
4364//15246
2026-09-07 01:08:10
free: 6855142384
5272//15246
2026-09-07 01:08:11
free: 6855142384
9894//15246
2026-09-07 01:08:11
free: 6855142272
6506//15246
2026-09-07 01:08:12
free: 6855142272
4293//15246
2026-09-07 01:08:12
free: 6855142536
3562//15246
2026-09-07 01:08:13
free: 6855142536
11267//15246
2026-09-07 01:08:13
[LOAD RAM] P_11267 | trans=294 | sumLength=4568 | fileMB=0
free: 6855142800
6228//15246
2026-09-07 01:08:14
free: 6855142800
8192//15246
2026-09-07 01:08:14
free: 6855142800
10925//15246
2026-09-07 01:08:15
free: 6855142800
6735//15246
2026-09-07 01:08:15
free: 6855142800
5987//15246
2026-09-07 01:08:16
free: 6855142800
3757//15246
2026-09-07 01:08:16
free: 6855142800
3529//15246
2026-09-07 01:08:17
free: 6855142800
9579//15246
2026-09-07 01:08:17
free: 6855142800
5317//15246
2026-09-07 01:08:18
free: 6855142800
5908//15246
2026-09-07 01:08:18
free: 6855143064
5022//15246
2026-09-07 01:08:19
free: 6855143064
4236//15246
2026-09-07 01:08:19
free: 6855143064
3404//15246
2026-09-07 01:08:20
free: 6855143064
3838//15246
2026-09-07 01:08:20
free: 6855143064
4792//15246
2026-09-07 01:08:21
free: 6855143328
4287//15246
2026-09-07 01:08:22
free: 6855143328
10242//15246
2026-09-07 01:08:22
free: 6855143328
8641//15246
2026-09-07 01:08:23
free: 6855143328
3456//15246
2026-09-07 01:08:23
free: 6855143328
6820//15246
2026-09-07 01:08:24
free: 6855143328
4557//15246
2026-09-07 01:08:24
free: 6855143328
3803//15246
2026-09-07 01:08:25
free: 6855143328
5201//15246
2026-09-07 01:08:25
free: 6855143328
6482//15246
2026-09-07 01:08:26
free: 6855143328
4496//15246
2026-09-07 01:08:26
free: 6855143328
6813//15246
2026-09-07 01:08:27
free: 6855143328
6399//15246
2026-09-07 01:08:27
free: 6855143328
4955//15246
2026-09-07 01:08:28
free: 6855143504
4483//15246
2026-09-07 01:08:28
free: 6855143504
7292//15246
2026-09-07 01:08:29
free: 6855143504
4490//15246
2026-09-07 01:08:29
free: 6855143504
5586//15246
2026-09-07 01:08:30
free: 6855143504
9257//15246
2026-09-07 01:08:30
free: 6855143768
5909//15246
2026-09-07 01:08:31
free: 6855143768
8120//15246
2026-09-07 01:08:32
free: 6855143768
4147//15246
2026-09-07 01:08:32
free: 6855144032
5923//15246
2026-09-07 01:08:33
free: 6855144208
5491//15246
2026-09-07 01:08:33
free: 6855144208
8805//15246
2026-09-07 01:08:34
free: 6855144208
7597//15246
2026-09-07 01:08:34
free: 6855144208
8841//15246
2026-09-07 01:08:35
free: 6855144208
8284//15246
2026-09-07 01:08:35
free: 6855144208
5083//15246
2026-09-07 01:08:36
free: 6855144208
7294//15246
2026-09-07 01:08:36
free: 6855144208
8607//15246
2026-09-07 01:08:37
free: 6855144208
8132//15246
2026-09-07 01:08:37
free: 6855144208
9146//15246
2026-09-07 01:08:38
free: 6855144208
6622//15246
2026-09-07 01:08:38
free: 6855144208
5701//15246
2026-09-07 01:08:39
free: 6855144208
8369//15246
2026-09-07 01:08:39
free: 6855144208
7833//15246
2026-09-07 01:08:40
free: 6855144208
9258//15246
2026-09-07 01:08:40
free: 6855144208
7077//15246
2026-09-07 01:08:41
free: 6855144208
4335//15246
2026-09-07 01:08:42
free: 6855144208
3790//15246
2026-09-07 01:08:42
free: 6855144384
5299//15246
2026-09-07 01:08:43
free: 6855144384
7911//15246
2026-09-07 01:08:43
free: 6855144384
7873//15246
2026-09-07 01:08:44
free: 6855144384
9613//15246
2026-09-07 01:08:44
free: 6855144384
5002//15246
2026-09-07 01:08:45
free: 6855144384
4520//15246
2026-09-07 01:08:45
free: 6855144384
7191//15246
2026-09-07 01:08:46
free: 6855144384
7173//15246
2026-09-07 01:08:46
free: 6855144384
5770//15246
2026-09-07 01:08:47
free: 6855144384
5257//15246
2026-09-07 01:08:47
free: 6855144384
3930//15246
2026-09-07 01:08:48
free: 6855144384
3475//15246
2026-09-07 01:08:48
free: 6855144384
7188//15246
2026-09-07 01:08:49
free: 6855144384
5900//15246
2026-09-07 01:08:49
free: 6855144384
4670//15246
2026-09-07 01:08:50
free: 6855144384
8002//15246
2026-09-07 01:08:50
free: 6855144384
10838//15246
2026-09-07 01:08:51
free: 6855144384
5078//15246
2026-09-07 01:08:52
free: 6855144384
6795//15246
2026-09-07 01:08:52
free: 6855144384
7215//15246
2026-09-07 01:08:53
free: 6855144384
7840//15246
2026-09-07 01:08:53
free: 6855144384
4438//15246
2026-09-07 01:08:54
free: 6855144384
3371//15246
2026-09-07 01:08:54
free: 6855144384
7693//15246
2026-09-07 01:08:55
free: 6855144384
7624//15246
2026-09-07 01:08:55
free: 6855144384
7931//15246
2026-09-07 01:08:56
free: 6855144384
6285//15246
2026-09-07 01:08:56
free: 6855144384
3698//15246
2026-09-07 01:08:57
free: 6855144384
6242//15246
2026-09-07 01:08:57
free: 6855144384
7109//15246
2026-09-07 01:08:58
free: 6855144384
7041//15246
2026-09-07 01:08:58
free: 6855144384
9997//15246
2026-09-07 01:08:59
free: 6855144384
3568//15246
2026-09-07 01:08:59
free: 6855144384
8274//15246
2026-09-07 01:09:00
free: 6855144384
8152//15246
2026-09-07 01:09:00
free: 6855144384
7703//15246
2026-09-07 01:09:01
free: 6855144384
3879//15246
2026-09-07 01:09:02
free: 6855144560
5121//15246
2026-09-07 01:09:02
free: 6855144736
4348//15246
2026-09-07 01:09:03
free: 6855144736
6435//15246
2026-09-07 01:09:03
free: 6855144736
6367//15246
2026-09-07 01:09:04
free: 6855144736
5009//15246
2026-09-07 01:09:04
free: 6855144736
5996//15246
2026-09-07 01:09:05
free: 6855144736
8077//15246
2026-09-07 01:09:05
free: 6855144736
4710//15246
2026-09-07 01:09:06
free: 6855144736
6307//15246
2026-09-07 01:09:06
free: 6855145000
5752//15246
2026-09-07 01:09:07
free: 6855145000
6434//15246
2026-09-07 01:09:07
free: 6855145000
9057//15246
2026-09-07 01:09:08
free: 6855145000
9203//15246
2026-09-07 01:09:08
free: 6855145000
5749//15246
2026-09-07 01:09:09
free: 6855145000
4648//15246
2026-09-07 01:09:09
free: 6855145000
5393//15246
2026-09-07 01:09:10
free: 6855145000
11664//15246
2026-09-07 01:09:10
free: 6855145000
4423//15246
2026-09-07 01:09:11
free: 6855145000
5305//15246
2026-09-07 01:09:12
free: 6855145000
8355//15246
2026-09-07 01:09:12
free: 6855145000
8136//15246
2026-09-07 01:09:13
free: 6855145000
4637//15246
2026-09-07 01:09:13
free: 6855145000
4139//15246
2026-09-07 01:09:14
free: 6855145000
9064//15246
2026-09-07 01:09:14
free: 6855145000
4677//15246
2026-09-07 01:09:15
free: 6855145000
4552//15246
2026-09-07 01:09:15
free: 6855145264
7284//15246
2026-09-07 01:09:16
free: 6855145264
5678//15246
2026-09-07 01:09:16
free: 6855145264
6491//15246
2026-09-07 01:09:17
free: 6855145264
4560//15246
2026-09-07 01:09:17
free: 6855145264
4448//15246
2026-09-07 01:09:18
free: 6855145264
9662//15246
2026-09-07 01:09:18
free: 6855145264
6579//15246
2026-09-07 01:09:19
free: 6855145264
10769//15246
2026-09-07 01:09:19
free: 6855145264
8653//15246
2026-09-07 01:09:20
free: 6855145264
6688//15246
2026-09-07 01:09:20
free: 6855145264
5115//15246
2026-09-07 01:09:21
free: 6855145264
7926//15246
2026-09-07 01:09:21
free: 6855145264
4085//15246
2026-09-07 01:09:22
free: 6855145528
3617//15246
2026-09-07 01:09:23
free: 6855145528
6511//15246
2026-09-07 01:09:23
free: 6855145528
5231//15246
2026-09-07 01:09:24
free: 6855145792
7861//15246
2026-09-07 01:09:24
free: 6855145792
5855//15246
2026-09-07 01:09:25
free: 6855145792
5552//15246
2026-09-07 01:09:25
free: 6855145792
3376//15246
2026-09-07 01:09:26
free: 6855145792
7168//15246
2026-09-07 01:09:26
free: 6855145792
4973//15246
2026-09-07 01:09:27
free: 6855145968
6872//15246
2026-09-07 01:09:27
free: 6855146232
8190//15246
2026-09-07 01:09:28
free: 6855146232
3801//15246
2026-09-07 01:09:28
free: 6855146232
5070//15246
2026-09-07 01:09:29
free: 6855146232
4500//15246
2026-09-07 01:09:29
free: 6855146232
5006//15246
2026-09-07 01:09:30
free: 6855146232
3043//15246
2026-09-07 01:09:30
free: 6855146232
3301//15246
2026-09-07 01:09:31
free: 6855146232
8126//15246
2026-09-07 01:09:31
free: 6855146232
4106//15246
2026-09-07 01:09:32
free: 6855146232
10974//15246
2026-09-07 01:09:33
free: 6855146232
7042//15246
2026-09-07 01:09:33
free: 6855146232
5229//15246
2026-09-07 01:09:34
free: 6855146232
5319//15246
2026-09-07 01:09:34
free: 6855146232
3619//15246
2026-09-07 01:09:35
free: 6855146408
6503//15246
2026-09-07 01:09:35
free: 6855146584
5480//15246
2026-09-07 01:09:36
free: 6855146584
7539//15246
2026-09-07 01:09:36
free: 6855146584
3470//15246
2026-09-07 01:09:37
free: 6855146584
6531//15246
2026-09-07 01:09:37
free: 6855146584
5296//15246
2026-09-07 01:09:38
free: 6855146584
9806//15246
2026-09-07 01:09:38
free: 6855146584
6569//15246
2026-09-07 01:09:39
free: 6855146584
5570//15246
2026-09-07 01:09:39
free: 6855146584
8994//15246
2026-09-07 01:09:40
free: 6855146584
9045//15246
2026-09-07 01:09:40
free: 6855146584
4563//15246
2026-09-07 01:09:41
free: 6855146584
7616//15246
2026-09-07 01:09:41
free: 6855146584
7338//15246
2026-09-07 01:09:42
free: 6855146584
4349//15246
2026-09-07 01:09:43
free: 6855146584
8468//15246
2026-09-07 01:09:43
free: 6855146848
5273//15246
2026-09-07 01:09:44
free: 6855146848
5446//15246
2026-09-07 01:09:44
free: 6850952544
3623//15246
2026-09-07 01:09:45
free: 6855146848
4041//15246
2026-09-07 01:09:45
free: 6855146848
6218//15246
2026-09-07 01:09:46
free: 6855146848
5211//15246
2026-09-07 01:09:46
free: 6855146848
7489//15246
2026-09-07 01:09:47
free: 6855147112
7510//15246
2026-09-07 01:09:47
free: 6855147112
5054//15246
2026-09-07 01:09:48
free: 6855147112
10892//15246
2026-09-07 01:09:48
free: 6855147112
9445//15246
2026-09-07 01:09:49
free: 6855147112
5688//15246
2026-09-07 01:09:49
free: 6855147288
8867//15246
2026-09-07 01:09:50
free: 6855147288
4157//15246
2026-09-07 01:09:50
free: 6855147288
4878//15246
2026-09-07 01:09:51
free: 6855147288
5086//15246
2026-09-07 01:09:51
free: 6855147288
5716//15246
2026-09-07 01:09:52
free: 6855147288
7313//15246
2026-09-07 01:09:53
free: 6855147288
6828//15246
2026-09-07 01:09:53
free: 6855147288
4374//15246
2026-09-07 01:09:54
free: 6855147288
7968//15246
2026-09-07 01:09:54
free: 6855147288
9612//15246
2026-09-07 01:09:55
free: 6855147288
9693//15246
2026-09-07 01:09:55
free: 6855147288
3779//15246
2026-09-07 01:09:56
free: 6855147288
4062//15246
2026-09-07 01:09:56
free: 6855147288
3580//15246
2026-09-07 01:09:57
free: 6855147288
5995//15246
2026-09-07 01:09:57
free: 6855147288
8509//15246
2026-09-07 01:09:58
free: 6855147288
3688//15246
2026-09-07 01:09:58
free: 6855147552
7579//15246
2026-09-07 01:09:59
free: 6855147552
8749//15246
2026-09-07 01:09:59
free: 6855147552
10486//15246
2026-09-07 01:10:00
free: 6855147552
4904//15246
2026-09-07 01:10:00
free: 6855147552
9375//15246
2026-09-07 01:10:01
free: 6855147552
6680//15246
2026-09-07 01:10:01
free: 6855147552
6639//15246
2026-09-07 01:10:02
free: 6855147552
5694//15246
2026-09-07 01:10:02
free: 6855147552
5085//15246
2026-09-07 01:10:03
free: 6855147816
6911//15246
2026-09-07 01:10:04
free: 6855147816
4380//15246
2026-09-07 01:10:04
free: 6855147816
4688//15246
2026-09-07 01:10:05
free: 6855147816
6185//15246
2026-09-07 01:10:05
free: 6855147816
7239//15246
2026-09-07 01:10:06
free: 6855147816
3954//15246
2026-09-07 01:10:06
free: 6855147816
4314//15246
2026-09-07 01:10:07
free: 6855147816
6574//15246
2026-09-07 01:10:07
free: 6855147816
4903//15246
2026-09-07 01:10:08
free: 6855147816
6832//15246
2026-09-07 01:10:08
free: 6855147816
6909//15246
2026-09-07 01:10:09
free: 6855147992
4119//15246
2026-09-07 01:10:09
free: 6855147992
11483//15246
2026-09-07 01:10:10
[LOAD RAM] P_11483 | trans=307 | sumLength=4862 | fileMB=0
free: 6855147992
8611//15246
2026-09-07 01:10:10
free: 6855147992
9796//15246
2026-09-07 01:10:11
free: 6855147992
8987//15246
2026-09-07 01:10:11
free: 6855147992
6456//15246
2026-09-07 01:10:12
free: 6855147992
5793//15246
2026-09-07 01:10:12
free: 6855147992
7947//15246
2026-09-07 01:10:13
free: 6855147992
9643//15246
2026-09-07 01:10:14
free: 6855147992
10591//15246
2026-09-07 01:10:14
free: 6855147992
6929//15246
2026-09-07 01:10:15
free: 6855147992
8505//15246
2026-09-07 01:10:15
free: 6855147992
6548//15246
2026-09-07 01:10:16
free: 6855147992
8664//15246
2026-09-07 01:10:16
free: 6855147992
4991//15246
2026-09-07 01:10:17
free: 6855147992
5003//15246
2026-09-07 01:10:17
free: 6855147992
10182//15246
2026-09-07 01:10:18
free: 6855147992
5858//15246
2026-09-07 01:10:18
free: 6855147992
6111//15246
2026-09-07 01:10:19
free: 6855147992
9116//15246
2026-09-07 01:10:19
free: 6855147992
9869//15246
2026-09-07 01:10:20
free: 6855147992
6189//15246
2026-09-07 01:10:20
free: 6855147992
7254//15246
2026-09-07 01:10:21
free: 6855147992
6906//15246
2026-09-07 01:10:21
free: 6855147992
4275//15246
2026-09-07 01:10:22
free: 6855147992
8938//15246
2026-09-07 01:10:22
free: 6855147992
9065//15246
2026-09-07 01:10:23
free: 6855147992
6216//15246
2026-09-07 01:10:24
free: 6855147992
6459//15246
2026-09-07 01:10:24
free: 6855147992
4486//15246
2026-09-07 01:10:25
free: 6855147992
6357//15246
2026-09-07 01:10:25
free: 6855147992
3514//15246
2026-09-07 01:10:26
free: 6855148168
5312//15246
2026-09-07 01:10:26
free: 6855148168
7985//15246
2026-09-07 01:10:27
free: 6855148168
7318//15246
2026-09-07 01:10:27
free: 6855148168
5824//15246
2026-09-07 01:10:28
free: 6855148168
8620//15246
2026-09-07 01:10:28
free: 6855148432
6008//15246
2026-09-07 01:10:29
free: 6855148432
4795//15246
2026-09-07 01:10:29
free: 6855148432
7443//15246
2026-09-07 01:10:30
free: 6855148432
7444//15246
2026-09-07 01:10:30
free: 6855148432
9370//15246
2026-09-07 01:10:31
free: 6855148608
5877//15246
2026-09-07 01:10:31
free: 6855148608
3463//15246
2026-09-07 01:10:32
free: 6855148872
5764//15246
2026-09-07 01:10:32
free: 6855148872
10774//15246
2026-09-07 01:10:33
free: 6855148872
7691//15246
2026-09-07 01:10:33
free: 6855148872
5565//15246
2026-09-07 01:10:34
free: 6855148872
7111//15246
2026-09-07 01:10:35
free: 6855149048
4932//15246
2026-09-07 01:10:35
free: 6855149048
6893//15246
2026-09-07 01:10:36
free: 6855149048
5166//15246
2026-09-07 01:10:36
free: 6855149048
4874//15246
2026-09-07 01:10:37
free: 6855149048
3998//15246
2026-09-07 01:10:37
free: 6855149048
9552//15246
2026-09-07 01:10:38
free: 6855149048
7372//15246
2026-09-07 01:10:38
free: 6855149048
10218//15246
2026-09-07 01:10:39
free: 6855149048
8354//15246
2026-09-07 01:10:39
free: 6855149048
10424//15246
2026-09-07 01:10:40
free: 6855149048
5893//15246
2026-09-07 01:10:40
free: 6855149048
11269//15246
2026-09-07 01:10:41
[LOAD RAM] P_11269 | trans=308 | sumLength=4658 | fileMB=0
free: 6855149048
7182//15246
2026-09-07 01:10:41
free: 6855149048
7305//15246
2026-09-07 01:10:42
free: 6855149048
4095//15246
2026-09-07 01:10:42
free: 6855149048
5225//15246
2026-09-07 01:10:43
free: 6855149048
7793//15246
2026-09-07 01:10:43
free: 6855149048
9814//15246
2026-09-07 01:10:44
free: 6850954744
6213//15246
2026-09-07 01:10:45
free: 6855149224
9165//15246
2026-09-07 01:10:45
free: 6855149224
6313//15246
2026-09-07 01:10:46
free: 6855149224
9794//15246
2026-09-07 01:10:46
free: 6855149224
4516//15246
2026-09-07 01:10:47
free: 6855149400
4153//15246
2026-09-07 01:10:47
free: 6855149400
3747//15246
2026-09-07 01:10:48
free: 6855149400
6733//15246
2026-09-07 01:10:48
free: 6855149400
7219//15246
2026-09-07 01:10:49
free: 6855149400
9504//15246
2026-09-07 01:10:49
free: 6855149576
6116//15246
2026-09-07 01:10:50
free: 6855149576
5341//15246
2026-09-07 01:10:50
free: 6855149576
5042//15246
2026-09-07 01:10:51
free: 6855149840
3915//15246
2026-09-07 01:10:51
free: 6855149840
6652//15246
2026-09-07 01:10:52
free: 6855149840
3742//15246
2026-09-07 01:10:52
free: 6855149840
6066//15246
2026-09-07 01:10:53
free: 6855149840
6346//15246
2026-09-07 01:10:53
free: 6855149840
8682//15246
2026-09-07 01:10:54
free: 6855149840
5962//15246
2026-09-07 01:10:55
free: 6855150104
4316//15246
2026-09-07 01:10:55
free: 6855150104
4231//15246
2026-09-07 01:10:56
free: 6855150104
5234//15246
2026-09-07 01:10:56
free: 6855150104
4452//15246
2026-09-07 01:10:57
free: 6855150104
4745//15246
2026-09-07 01:10:57
free: 6855150104
9025//15246
2026-09-07 01:10:58
free: 6855150104
4205//15246
2026-09-07 01:10:58
free: 6855150104
6237//15246
2026-09-07 01:10:59
free: 6855150104
11273//15246
2026-09-07 01:10:59
free: 6855150104
6053//15246
2026-09-07 01:11:00
free: 6855150368
8898//15246
2026-09-07 01:11:00
free: 6855150368
5985//15246
2026-09-07 01:11:01
free: 6855150368
7235//15246
2026-09-07 01:11:01
free: 6855150368
4178//15246
2026-09-07 01:11:02
free: 6855150368
6409//15246
2026-09-07 01:11:02
free: 6855150368
5314//15246
2026-09-07 01:11:03
free: 6855150368
6241//15246
2026-09-07 01:11:03
free: 6855150368
5579//15246
2026-09-07 01:11:04
free: 6855150368
6056//15246
2026-09-07 01:11:04
free: 6855150368
6628//15246
2026-09-07 01:11:05
free: 6855150368
4100//15246
2026-09-07 01:11:06
free: 6855150368
8246//15246
2026-09-07 01:11:06
free: 6855150368
4042//15246
2026-09-07 01:11:07
free: 6855150368
4499//15246
2026-09-07 01:11:07
free: 6855150368
5902//15246
2026-09-07 01:11:08
free: 6855150368
9566//15246
2026-09-07 01:11:08
free: 6855150368
6781//15246
2026-09-07 01:11:09
free: 6855150544
5059//15246
2026-09-07 01:11:09
free: 6855150544
6036//15246
2026-09-07 01:11:10
free: 6855150544
9343//15246
2026-09-07 01:11:10
free: 6855150544
8741//15246
2026-09-07 01:11:11
free: 6855150544
10186//15246
2026-09-07 01:11:11
free: 6855150544
4457//15246
2026-09-07 01:11:12
free: 6855150808
6855//15246
2026-09-07 01:11:12
free: 6855150984
4959//15246
2026-09-07 01:11:13
free: 6855150984
5094//15246
2026-09-07 01:11:13
free: 6855151248
3993//15246
2026-09-07 01:11:14
free: 6855151248
5901//15246
2026-09-07 01:11:14
free: 6855151248
5417//15246
2026-09-07 01:11:15
free: 6855151512
6529//15246
2026-09-07 01:11:16
free: 6855151688
5771//15246
2026-09-07 01:11:16
free: 6855151688
6088//15246
2026-09-07 01:11:17
free: 6855151688
7589//15246
2026-09-07 01:11:17
free: 6855151688
8463//15246
2026-09-07 01:11:18
free: 6855151688
5655//15246
2026-09-07 01:11:18
free: 6855151688
5548//15246
2026-09-07 01:11:19
free: 6855151688
7590//15246
2026-09-07 01:11:19
free: 6855151952
6212//15246
2026-09-07 01:11:20
free: 6855151952
4216//15246
2026-09-07 01:11:20
free: 6855151952
4285//15246
2026-09-07 01:11:21
free: 6855151952
8322//15246
2026-09-07 01:11:21
free: 6855151952
7677//15246
2026-09-07 01:11:22
free: 6855151952
8438//15246
2026-09-07 01:11:22
free: 6855151952
6592//15246
2026-09-07 01:11:23
free: 6855151952
5991//15246
2026-09-07 01:11:23
free: 6855151952
9430//15246
2026-09-07 01:11:24
free: 6855151952
4186//15246
2026-09-07 01:11:24
free: 6855151952
3850//15246
2026-09-07 01:11:25
free: 6855151952
7642//15246
2026-09-07 01:11:26
free: 6855151952
8637//15246
2026-09-07 01:11:26
free: 6855151952
6179//15246
2026-09-07 01:11:27
free: 6855151952
3726//15246
2026-09-07 01:11:27
free: 6855151952
4912//15246
2026-09-07 01:11:28
free: 6855151952
8971//15246
2026-09-07 01:11:28
free: 6855152216
5806//15246
2026-09-07 01:11:29
free: 6855152216
10366//15246
2026-09-07 01:11:29
free: 6855152216
6729//15246
2026-09-07 01:11:30
free: 6855152216
6190//15246
2026-09-07 01:11:30
free: 6855152216
8100//15246
2026-09-07 01:11:31
free: 6855152216
4076//15246
2026-09-07 01:11:31
free: 6855152392
6998//15246
2026-09-07 01:11:32
free: 6855152392
9475//15246
2026-09-07 01:11:32
free: 6855152392
3406//15246
2026-09-07 01:11:33
free: 6855152568
6052//15246
2026-09-07 01:11:33
free: 6855152520
7289//15246
2026-09-07 01:11:34
free: 6855152520
4825//15246
2026-09-07 01:11:34
free: 6855152784
7778//15246
2026-09-07 01:11:35
free: 6855152784
4414//15246
2026-09-07 01:11:36
free: 6855153048
8679//15246
2026-09-07 01:11:36
free: 6855153048
6153//15246
2026-09-07 01:11:37
free: 6855153048
9879//15246
2026-09-07 01:11:37
free: 6855153048
7154//15246
2026-09-07 01:11:38
free: 6855153048
9097//15246
2026-09-07 01:11:38
free: 6855153048
4906//15246
2026-09-07 01:11:39
free: 6855153048
7053//15246
2026-09-07 01:11:39
free: 6855153048
4848//15246
2026-09-07 01:11:40
free: 6855153312
6576//15246
2026-09-07 01:11:40
free: 6855153312
4809//15246
2026-09-07 01:11:41
free: 6855153312
9062//15246
2026-09-07 01:11:41
free: 6855153312
9288//15246
2026-09-07 01:11:42
free: 6855153312
6917//15246
2026-09-07 01:11:42
free: 6855153312
8780//15246
2026-09-07 01:11:43
free: 6855153312
9420//15246
2026-09-07 01:11:43
free: 6855153312
3783//15246
2026-09-07 01:11:44
free: 6850959008
3897//15246
2026-09-07 01:11:44
free: 6855153312
8311//15246
2026-09-07 01:11:45
free: 6855153312
6644//15246
2026-09-07 01:11:45
free: 6855153576
4772//15246
2026-09-07 01:11:46
free: 6855153576
8033//15246
2026-09-07 01:11:47
free: 6855153576
9304//15246
2026-09-07 01:11:47
free: 6855153576
6552//15246
2026-09-07 01:11:48
free: 6855153576
5722//15246
2026-09-07 01:11:48
free: 6855153576
5270//15246
2026-09-07 01:11:49
free: 6855153576
5171//15246
2026-09-07 01:11:49
free: 6855153576
7613//15246
2026-09-07 01:11:50
free: 6855153576
5313//15246
2026-09-07 01:11:50
free: 6855153576
9818//15246
2026-09-07 01:11:51
free: 6855153576
4719//15246
2026-09-07 01:11:51
free: 6855153576
4796//15246
2026-09-07 01:11:52
free: 6855153576
8006//15246
2026-09-07 01:11:52
free: 6855153576
10181//15246
2026-09-07 01:11:53
free: 6855153576
4162//15246
2026-09-07 01:11:53
free: 6855153576
8306//15246
2026-09-07 01:11:54
free: 6855153576
8511//15246
2026-09-07 01:11:54
free: 6855153576
6826//15246
2026-09-07 01:11:55
free: 6855153576
5308//15246
2026-09-07 01:11:55
free: 6855153576
4454//15246
2026-09-07 01:11:56
free: 6855153576
9247//15246
2026-09-07 01:11:57
free: 6855153576
7540//15246
2026-09-07 01:11:57
free: 6855153576
6492//15246
2026-09-07 01:11:58
free: 6855153576
6922//15246
2026-09-07 01:11:58
free: 6855153576
4902//15246
2026-09-07 01:11:59
free: 6855153576
4420//15246
2026-09-07 01:11:59
free: 6855153576
5353//15246
2026-09-07 01:12:00
free: 6855153576
9166//15246
2026-09-07 01:12:00
free: 6855153576
4608//15246
2026-09-07 01:12:01
free: 6855153576
6480//15246
2026-09-07 01:12:01
free: 6855153576
9658//15246
2026-09-07 01:12:02
free: 6855153576
7230//15246
2026-09-07 01:12:02
free: 6855153576
6871//15246
2026-09-07 01:12:03
free: 6855153576
11043//15246
2026-09-07 01:12:03
free: 6855153576
6348//15246
2026-09-07 01:12:04
free: 6855153576
8530//15246
2026-09-07 01:12:04
free: 6855153576
6155//15246
2026-09-07 01:12:05
free: 6855153576
4245//15246
2026-09-07 01:12:05
free: 6855153576
8608//15246
2026-09-07 01:12:06
free: 6855153576
7201//15246
2026-09-07 01:12:07
free: 6855153576
8763//15246
2026-09-07 01:12:07
free: 6855153576
4358//15246
2026-09-07 01:12:08
free: 6855153576
7337//15246
2026-09-07 01:12:08
free: 6855153576
5982//15246
2026-09-07 01:12:09
free: 6855153576
8498//15246
2026-09-07 01:12:09
free: 6855153576
7743//15246
2026-09-07 01:12:10
free: 6855153576
6007//15246
2026-09-07 01:12:10
free: 6855153576
6079//15246
2026-09-07 01:12:11
free: 6855153576
5785//15246
2026-09-07 01:12:11
free: 6855153576
3782//15246
2026-09-07 01:12:12
free: 6855153576
3883//15246
2026-09-07 01:12:12
free: 6855153576
6464//15246
2026-09-07 01:12:13
free: 6855153576
4221//15246
2026-09-07 01:12:13
free: 6855153576
4907//15246
2026-09-07 01:12:14
free: 6855153576
8351//15246
2026-09-07 01:12:14
free: 6855153576
7753//15246
2026-09-07 01:12:15
free: 6855153576
11208//15246
2026-09-07 01:12:15
free: 6855153576
8026//15246
2026-09-07 01:12:16
free: 6855153576
5976//15246
2026-09-07 01:12:16
free: 6855153576
6319//15246
2026-09-07 01:12:17
free: 6855153576
4927//15246
2026-09-07 01:12:18
free: 6855153576
10409//15246
2026-09-07 01:12:18
free: 6855153576
9319//15246
2026-09-07 01:12:19
free: 6855153576
7738//15246
2026-09-07 01:12:19
free: 6855153576
4346//15246
2026-09-07 01:12:20
free: 6855153576
7491//15246
2026-09-07 01:12:20
free: 6855153752
3694//15246
2026-09-07 01:12:21
free: 6855153752
4584//15246
2026-09-07 01:12:21
free: 6855153752
6495//15246
2026-09-07 01:12:22
free: 6855153752
10096//15246
2026-09-07 01:12:22
free: 6855153752
3367//15246
2026-09-07 01:12:23
free: 6855153928
7347//15246
2026-09-07 01:12:23
free: 6855153928
5465//15246
2026-09-07 01:12:24
free: 6855153928
6554//15246
2026-09-07 01:12:24
free: 6855154192
10632//15246
2026-09-07 01:12:25
free: 6855154192
4850//15246
2026-09-07 01:12:25
free: 6855154192
7263//15246
2026-09-07 01:12:26
free: 6855154192
6278//15246
2026-09-07 01:12:26
free: 6855154456
7155//15246
2026-09-07 01:12:27
free: 6855154456
9305//15246
2026-09-07 01:12:28
free: 6855154456
9235//15246
2026-09-07 01:12:28
free: 6855154456
3591//15246
2026-09-07 01:12:29
free: 6855154456
5583//15246
2026-09-07 01:12:29
free: 6855154456
5818//15246
2026-09-07 01:12:30
free: 6855154456
4001//15246
2026-09-07 01:12:30
free: 6855154632
8750//15246
2026-09-07 01:12:31
free: 6855154632
4622//15246
2026-09-07 01:12:31
free: 6855154632
7052//15246
2026-09-07 01:12:32
free: 6855154632
8752//15246
2026-09-07 01:12:32
free: 6855154632
7928//15246
2026-09-07 01:12:33
free: 6855154632
8552//15246
2026-09-07 01:12:33
free: 6855154632
10198//15246
2026-09-07 01:12:34
free: 6855154632
7460//15246
2026-09-07 01:12:34
free: 6855154632
8401//15246
2026-09-07 01:12:35
free: 6855154632
7023//15246
2026-09-07 01:12:35
free: 6855154632
7129//15246
2026-09-07 01:12:36
free: 6855154632
6507//15246
2026-09-07 01:12:36
free: 6855154632
7763//15246
2026-09-07 01:12:37
free: 6855154632
7356//15246
2026-09-07 01:12:37
free: 6855154632
4370//15246
2026-09-07 01:12:38
free: 6855154632
8261//15246
2026-09-07 01:12:39
free: 6855154632
7175//15246
2026-09-07 01:12:39
free: 6855154632
5735//15246
2026-09-07 01:12:40
free: 6855154808
9837//15246
2026-09-07 01:12:40
free: 6855154808
7085//15246
2026-09-07 01:12:41
free: 6855154808
9384//15246
2026-09-07 01:12:41
free: 6855154808
3952//15246
2026-09-07 01:12:42
free: 6855154808
7045//15246
2026-09-07 01:12:42
free: 6855154808
5356//15246
2026-09-07 01:12:43
free: 6855154808
9892//15246
2026-09-07 01:12:43
free: 6855154808
9852//15246
2026-09-07 01:12:44
free: 6850960504
7343//15246
2026-09-07 01:12:44
free: 6855154808
5632//15246
2026-09-07 01:12:45
free: 6855154808
4030//15246
2026-09-07 01:12:45
free: 6855155072
5075//15246
2026-09-07 01:12:46
free: 6855155072
5461//15246
2026-09-07 01:12:46
free: 6855155072
8720//15246
2026-09-07 01:12:47
free: 6855155072
8007//15246
2026-09-07 01:12:47
free: 6855155072
4513//15246
2026-09-07 01:12:48
free: 6855155072
4063//15246
2026-09-07 01:12:49
