LOG FILE: C:\Users\Admin\OneDrive - hutech.edu.vn\Desktop\Code\ParallelMassive\accidents_4g_k100000_p8_su0_q1024_d1_20260909_212505.log
2026-09-09 21:25:05
========================================
START TIME    : 2026-09-09 21:25:05
INPUT         : dataset/accidents.txt
TOP-K         : 100000
MAX HEAP MB   : 4096
CANDIDATE POOL: true
POOL WORKERS  : 8
TASK ADMISSION : FIXED_1024
DIAGNOSTICS    : true
BEST SU FIRST : false
========================================
[TOP-K] k=100000 | threshold after single items=1
[TOP-K] threshold after global item pairs=1
[PTM-STYLE] Building prefix partitions...
[PTM-STYLE] Mining partitions in RAM...
[MINING] mode=CANDIDATE_POOL | workers=8 | taskAdmission=FIXED_1024 | minTaskTransactions=512 | directUtilityRaising=false | globalPairUtilityRaising=true | bestSUFirst=false | thresholdReady=false | bestChildContinuation=false
============= PTM-STYLE BASELINE STATS =============
 Top-k requested   : 100000
 Results returned  : 100000
 Initial minUtil-1 : 1
 Final minUtil     : 14721418
 Execution mode    : CANDIDATE_POOL
 Candidate pool    : true
 Pool workers      : 8
 Task admission    : FIXED_1024
 Min task trans.   : 512
 Direct child U    : false
 Global pair U     : true
 Best-SU-first     : false
 Threshold-ready   : false
 Threshold certified: true
 Best-child cont.  : false
 DFS partitions    : 0
 Pool partitions   : 224
 Diagnostics       : true
 Candidates        : 19121654
 Async tasks       : 297868
 Small DFS switches: 1672482
 Queue inline      : 1654124
 Time ms           : 293429
 Partition dir     : C:\Users\Admin\OneDrive - hutech.edu.vn\Desktop\Code\ParallelMassive\dataset\accidents.txt429496729610.ptm_partitions
====================================================

========================================
STATUS   : SUCCESS
END TIME : 2026-09-09 21:29:58
========================================
