LOG FILE: /Users/tungtnt/Desktop/Code/iTP/accidents_4g_top_100000_parallel_pool_1_workers_8_bsf_on_directU_on_ready_on_bestcont_off_pending_1024_mintasktrans_512_diag_on_20260909_151353.log
2026-09-09 15:13:53
========================================
START TIME    : 2026-09-09 15:13:53
INPUT         : dataset/accidents.txt
TOP-K         : 100000
MAX HEAP MB   : 4096
CANDIDATE POOL: true
POOL COUNT    : 1
POOL WORKERS  : 8
TASK ADMISSION : FIXED_1024
MIN TASK TRANS.: 512
DIAGNOSTICS    : true
DIRECT U      : true
BEST SU FIRST : true
THRESHOLD READY: true
BEST CHILD CONT.: false
========================================
[TOP-K] k=100000 | threshold after single items=1
[PTM-STYLE] Building prefix partitions...
[PTM-STYLE] Mining partitions in RAM...
[MINING] mode=THRESHOLD_READY_DFS_POOL | workers=8 | taskAdmission=FIXED_1024 | minTaskTransactions=512 | directUtilityRaising=true | bestSUFirst=true | thresholdReady=true | bestChildContinuation=false
[THRESHOLD-READY] exactHeap=468 | minUtil=620 | enabling candidate pool
============= PTM-STYLE BASELINE STATS =============
 Top-k requested   : 100000
 Results returned  : 100000
 Initial minUtil-1 : 1
 Final minUtil     : 14721418
 Execution mode    : THRESHOLD_READY_DFS_POOL
 Candidate pool    : true
 Pool workers      : 8
 Task admission    : FIXED_1024
 Min task trans.   : 512
 Direct child U    : true
 Best-SU-first     : true
 Threshold-ready   : true
 Threshold certified: true
 Best-child cont.  : false
 DFS partitions    : 0
 Pool partitions   : 224
 Diagnostics       : true
 Candidates        : 14893121
 Async tasks       : 194519
 Small DFS switches: 1519491
 Queue inline      : 1475525
 Time ms           : 243969
 Partition dir     : /Users/tungtnt/Desktop/Code/iTP/dataset/accidents.txt429496729610.ptm_partitions
====================================================

========================================
STATUS   : SUCCESS
END TIME : 2026-09-09 15:17:57
========================================
